[0.004s] Invoking command in '/project-storm/build/cpp_pubsub': CMAKE_PREFIX_PATH=/opt/ros/humble /usr/bin/cmake /project-storm/src/cpp_pubsub -DCMAKE_INSTALL_PREFIX=/project-storm/install/cpp_pubsub
[0.040s] -- The C compiler identification is GNU 11.4.0
[0.070s] -- The CXX compiler identification is GNU 11.4.0
[0.074s] -- Detecting C compiler ABI info
[0.113s] -- Detecting C compiler ABI info - done
[0.118s] -- Check for working C compiler: /usr/bin/cc - skipped
[0.118s] -- Detecting C compile features
[0.118s] -- Detecting C compile features - done
[0.120s] -- Detecting CXX compiler ABI info
[0.164s] -- Detecting CXX compiler ABI info - done
[0.168s] -- Check for working CXX compiler: /usr/bin/c++ - skipped
[0.169s] -- Detecting CXX compile features
[0.169s] -- Detecting CXX compile features - done
[0.173s] -- Found ament_cmake: 1.3.12 (/opt/ros/humble/share/ament_cmake/cmake)
[0.218s] -- Found Python3: /usr/bin/python3 (found version "3.10.12") found components: Interpreter 
[0.254s] -- Found rclcpp: 16.0.14 (/opt/ros/humble/share/rclcpp/cmake)
[0.265s] -- Found rosidl_generator_c: 3.1.7 (/opt/ros/humble/share/rosidl_generator_c/cmake)
[0.268s] -- Found rosidl_adapter: 3.1.7 (/opt/ros/humble/share/rosidl_adapter/cmake)
[0.271s] -- Found rosidl_generator_cpp: 3.1.7 (/opt/ros/humble/share/rosidl_generator_cpp/cmake)
[0.276s] -- Using all available rosidl_typesupport_c: rosidl_typesupport_fastrtps_c;rosidl_typesupport_introspection_c
[0.283s] -- Using all available rosidl_typesupport_cpp: rosidl_typesupport_fastrtps_cpp;rosidl_typesupport_introspection_cpp
[0.293s] -- Found rmw_implementation_cmake: 6.1.2 (/opt/ros/humble/share/rmw_implementation_cmake/cmake)
[0.297s] -- Found rmw_fastrtps_cpp: 6.2.8 (/opt/ros/humble/share/rmw_fastrtps_cpp/cmake)
[0.319s] -- Found OpenSSL: /usr/lib/aarch64-linux-gnu/libcrypto.so (found version "3.0.2")  
[0.326s] -- Found FastRTPS: /opt/ros/humble/include  
[0.335s] -- Using RMW implementation 'rmw_fastrtps_cpp' as default
[0.336s] -- Looking for pthread.h
[0.377s] -- Looking for pthread.h - found
[0.377s] -- Performing Test CMAKE_HAVE_LIBC_PTHREAD
[0.420s] -- Performing Test CMAKE_HAVE_LIBC_PTHREAD - Success
[0.422s] -- Found Threads: TRUE  
[0.477s] -- Configuring done
[0.492s] -- Generating done
[0.502s] -- Build files have been written to: /project-storm/build/cpp_pubsub
[0.502s] Invoked command in '/project-storm/build/cpp_pubsub' returned '0': CMAKE_PREFIX_PATH=/opt/ros/humble /usr/bin/cmake /project-storm/src/cpp_pubsub -DCMAKE_INSTALL_PREFIX=/project-storm/install/cpp_pubsub
[0.504s] Invoking command in '/project-storm/build/cpp_pubsub': CMAKE_PREFIX_PATH=/opt/ros/humble /usr/bin/cmake --build /project-storm/build/cpp_pubsub -- -j8 -l8
[0.524s] [ 50%] [32mBuilding CXX object CMakeFiles/talker.dir/src/publisher_member_function.cpp.o[0m
[2.036s] [100%] [32m[1mLinking CXX executable talker[0m
[2.119s] [100%] Built target talker
[2.123s] Invoked command in '/project-storm/build/cpp_pubsub' returned '0': CMAKE_PREFIX_PATH=/opt/ros/humble /usr/bin/cmake --build /project-storm/build/cpp_pubsub -- -j8 -l8
[2.127s] Invoking command in '/project-storm/build/cpp_pubsub': CMAKE_PREFIX_PATH=/opt/ros/humble /usr/bin/cmake --install /project-storm/build/cpp_pubsub
[2.130s] -- Install configuration: ""
[2.130s] -- Installing: /project-storm/install/cpp_pubsub/lib/cpp_pubsub/talker
[2.138s] -- Set runtime path of "/project-storm/install/cpp_pubsub/lib/cpp_pubsub/talker" to ""
[2.138s] -- Installing: /project-storm/install/cpp_pubsub/share/ament_index/resource_index/package_run_dependencies/cpp_pubsub
[2.140s] -- Installing: /project-storm/install/cpp_pubsub/share/ament_index/resource_index/parent_prefix_path/cpp_pubsub
[2.141s] -- Installing: /project-storm/install/cpp_pubsub/share/cpp_pubsub/environment/ament_prefix_path.sh
[2.142s] -- Installing: /project-storm/install/cpp_pubsub/share/cpp_pubsub/environment/ament_prefix_path.dsv
[2.143s] -- Installing: /project-storm/install/cpp_pubsub/share/cpp_pubsub/environment/path.sh
[2.143s] -- Installing: /project-storm/install/cpp_pubsub/share/cpp_pubsub/environment/path.dsv
[2.144s] -- Installing: /project-storm/install/cpp_pubsub/share/cpp_pubsub/local_setup.bash
[2.145s] -- Installing: /project-storm/install/cpp_pubsub/share/cpp_pubsub/local_setup.sh
[2.146s] -- Installing: /project-storm/install/cpp_pubsub/share/cpp_pubsub/local_setup.zsh
[2.147s] -- Installing: /project-storm/install/cpp_pubsub/share/cpp_pubsub/local_setup.dsv
[2.148s] -- Installing: /project-storm/install/cpp_pubsub/share/cpp_pubsub/package.dsv
[2.149s] -- Installing: /project-storm/install/cpp_pubsub/share/ament_index/resource_index/packages/cpp_pubsub
[2.150s] -- Installing: /project-storm/install/cpp_pubsub/share/cpp_pubsub/cmake/cpp_pubsubConfig.cmake
[2.151s] -- Installing: /project-storm/install/cpp_pubsub/share/cpp_pubsub/cmake/cpp_pubsubConfig-version.cmake
[2.152s] -- Installing: /project-storm/install/cpp_pubsub/share/cpp_pubsub/package.xml
[2.154s] Invoked command in '/project-storm/build/cpp_pubsub' returned '0': CMAKE_PREFIX_PATH=/opt/ros/humble /usr/bin/cmake --install /project-storm/build/cpp_pubsub
